   660.1000       6.49134427E-02
   660.2000       6.49104067E-02
   660.3000       6.49072849E-02
   660.4000       6.49042151E-02
   660.5000       6.49005780E-02
   660.6000       6.48963694E-02
   660.7000       6.48913309E-02
   660.8000       6.48862649E-02
   660.9000       6.48814700E-02
   661.0000       6.48776884E-02
   661.1000       6.48749588E-02
   661.2000       6.48736629E-02
   661.3000       6.48736817E-02
   661.4000       6.48745720E-02
   661.5000       6.48758226E-02
   661.6000       6.48769970E-02
   661.7000       6.48783675E-02
   661.8000       6.48795699E-02
   661.9000       6.48803092E-02
   662.0000       6.48804457E-02
   662.1000       6.48801784E-02
   662.2000       6.48792323E-02
   662.3000       6.48784920E-02
   662.4000       6.48774855E-02
   662.5000       6.48766863E-02
   662.6000       6.48756387E-02
   662.7000       6.48738824E-02
   662.8000       6.48719100E-02
   662.9000       6.48693712E-02
   663.0000       6.48657527E-02
   663.1000       6.48614443E-02
   663.2000       6.48564425E-02
   663.3000       6.48514175E-02
   663.4000       6.48458881E-02
   663.5000       6.48397920E-02
   663.6000       6.48340271E-02
   663.7000       6.48280781E-02
   663.8000       6.48224840E-02
   663.9000       6.48162852E-02
   664.0000       6.48102514E-02
   664.1000       6.48042043E-02
   664.2000       6.47983843E-02
   664.3000       6.47927992E-02
   664.4000       6.47875906E-02
   664.5000       6.47827012E-02
   664.6000       6.47791472E-02
   664.7000       6.47759709E-02
   664.8000       6.47730926E-02
   664.9000       6.47698721E-02
