  3070.1000       4.14569289E-02
  3070.2000       4.14465179E-02
  3070.3000       4.14360564E-02
  3070.4000       4.14259080E-02
  3070.5000       4.14169834E-02
  3070.6000       4.14092404E-02
  3070.7000       4.14031938E-02
  3070.8000       4.13980988E-02
  3070.9000       4.13926023E-02
  3071.0000       4.13875005E-02
  3071.1000       4.13833833E-02
  3071.2000       4.13807059E-02
  3071.3000       4.13802890E-02
  3071.4000       4.13821238E-02
  3071.5000       4.13865654E-02
  3071.6000       4.13935243E-02
  3071.7000       4.14014191E-02
  3071.8000       4.14095945E-02
  3071.9000       4.14182218E-02
  3072.0000       4.14273942E-02
  3072.1000       4.14373310E-02
  3072.2000       4.14492320E-02
  3072.3000       4.14633496E-02
  3072.4000       4.14788231E-02
  3072.5000       4.14949750E-02
  3072.6000       4.15108235E-02
  3072.7000       4.15260240E-02
  3072.8000       4.15397825E-02
  3072.9000       4.15520602E-02
  3073.0000       4.15623625E-02
  3073.1000       4.15707463E-02
  3073.2000       4.15774183E-02
  3073.3000       4.15823167E-02
  3073.4000       4.15852015E-02
  3073.5000       4.15860706E-02
  3073.6000       4.15853319E-02
  3073.7000       4.15831146E-02
  3073.8000       4.15798764E-02
  3073.9000       4.15760504E-02
  3074.0000       4.15710106E-02
  3074.1000       4.15649007E-02
  3074.2000       4.15579484E-02
  3074.3000       4.15502572E-02
  3074.4000       4.15419058E-02
  3074.5000       4.15336494E-02
  3074.6000       4.15262174E-02
  3074.7000       4.15203727E-02
  3074.8000       4.15162480E-02
  3074.9000       4.15134108E-02
  3075.0000       4.15105984E-02
  3075.1000       4.15065478E-02
  3075.2000       4.15005318E-02
  3075.3000       4.14932427E-02
  3075.4000       4.14858202E-02
  3075.5000       4.14782316E-02
  3075.6000       4.14699872E-02
  3075.7000       4.14616693E-02
  3075.8000       4.14526339E-02
  3075.9000       4.14422267E-02
  3076.0000       4.14303478E-02
  3076.1000       4.14170859E-02
  3076.2000       4.14027535E-02
  3076.3000       4.13883889E-02
  3076.4000       4.13745435E-02
  3076.5000       4.13609820E-02
  3076.6000       4.13471417E-02
  3076.7000       4.13326528E-02
  3076.8000       4.13176266E-02
  3076.9000       4.13017162E-02
  3077.0000       4.12852172E-02
  3077.1000       4.12682020E-02
  3077.2000       4.12510543E-02
  3077.3000       4.12341259E-02
  3077.4000       4.12177501E-02
  3077.5000       4.12023418E-02
  3077.6000       4.11874046E-02
  3077.7000       4.11722456E-02
  3077.8000       4.11565656E-02
  3077.9000       4.11407254E-02
  3078.0000       4.11249060E-02
  3078.1000       4.11092138E-02
  3078.2000       4.10948450E-02
  3078.3000       4.10827656E-02
  3078.4000       4.10740743E-02
  3078.5000       4.10686660E-02
  3078.6000       4.10665112E-02
  3078.7000       4.10672641E-02
  3078.8000       4.10708476E-02
  3078.9000       4.10762562E-02
  3079.0000       4.10820491E-02
  3079.1000       4.10872174E-02
  3079.2000       4.10923212E-02
  3079.3000       4.10977233E-02
  3079.4000       4.11040292E-02
  3079.5000       4.11113037E-02
  3079.6000       4.11199512E-02
  3079.7000       4.11296565E-02
  3079.8000       4.11417369E-02
  3079.9000       4.11560234E-02
  3080.0000       4.11716089E-02
  3080.1000       4.11892141E-02
  3080.2000       4.12086572E-02
  3080.3000       4.12300056E-02
  3080.4000       4.12530487E-02
  3080.5000       4.12786531E-02
  3080.6000       4.13073629E-02
  3080.7000       4.13394710E-02
  3080.8000       4.13748183E-02
  3080.9000       4.14128687E-02
  3081.0000       4.14521780E-02
  3081.1000       4.14910598E-02
  3081.2000       4.15286150E-02
  3081.3000       4.15646058E-02
  3081.4000       4.15985826E-02
  3081.5000       4.16301471E-02
  3081.6000       4.16591300E-02
  3081.7000       4.16844958E-02
  3081.8000       4.17069359E-02
  3081.9000       4.17261893E-02
  3082.0000       4.17426457E-02
  3082.1000       4.17569287E-02
  3082.2000       4.17694224E-02
  3082.3000       4.17809083E-02
  3082.4000       4.17899590E-02
  3082.5000       4.17964307E-02
  3082.6000       4.18003329E-02
  3082.7000       4.18016086E-02
  3082.8000       4.18006862E-02
  3082.9000       4.17981735E-02
  3083.0000       4.17951110E-02
  3083.1000       4.17927103E-02
  3083.2000       4.17910460E-02
  3083.3000       4.17898662E-02
  3083.4000       4.17883071E-02
  3083.5000       4.17867189E-02
  3083.6000       4.17858169E-02
  3083.7000       4.17858663E-02
  3083.8000       4.17862165E-02
  3083.9000       4.17867767E-02
  3084.0000       4.17879749E-02
  3084.1000       4.17905363E-02
  3084.2000       4.17947908E-02
  3084.3000       4.18002564E-02
  3084.4000       4.18063123E-02
  3084.5000       4.18123504E-02
  3084.6000       4.18180726E-02
  3084.7000       4.18231304E-02
  3084.8000       4.18270506E-02
  3084.9000       4.18305510E-02
  3085.0000       4.18341075E-02
  3085.1000       4.18386801E-02
  3085.2000       4.18436105E-02
  3085.3000       4.18490886E-02
  3085.4000       4.18556537E-02
  3085.5000       4.18638451E-02
  3085.6000       4.18735510E-02
  3085.7000       4.18842628E-02
  3085.8000       4.18960984E-02
  3085.9000       4.19086984E-02
  3086.0000       4.19213036E-02
  3086.1000       4.19333289E-02
  3086.2000       4.19446197E-02
  3086.3000       4.19554041E-02
  3086.4000       4.19667180E-02
  3086.5000       4.19792863E-02
  3086.6000       4.19930506E-02
  3086.7000       4.20081727E-02
  3086.8000       4.20240599E-02
  3086.9000       4.20403705E-02
  3087.0000       4.20556661E-02
  3087.1000       4.20691064E-02
  3087.2000       4.20797518E-02
  3087.3000       4.20870622E-02
  3087.4000       4.20912011E-02
  3087.5000       4.20931762E-02
  3087.6000       4.20944357E-02
  3087.7000       4.20960873E-02
  3087.8000       4.20978582E-02
  3087.9000       4.20999344E-02
  3088.0000       4.21012886E-02
  3088.1000       4.21013777E-02
  3088.2000       4.21011909E-02
  3088.3000       4.21001031E-02
  3088.4000       4.20984815E-02
  3088.5000       4.20956847E-02
  3088.6000       4.20926252E-02
  3088.7000       4.20889731E-02
  3088.8000       4.20850968E-02
  3088.9000       4.20812555E-02
  3089.0000       4.20767725E-02
  3089.1000       4.20721182E-02
  3089.2000       4.20677933E-02
  3089.3000       4.20641592E-02
  3089.4000       4.20611037E-02
  3089.5000       4.20593633E-02
  3089.6000       4.20591405E-02
  3089.7000       4.20613135E-02
  3089.8000       4.20658125E-02
  3089.9000       4.20727870E-02
  3090.0000       4.20818053E-02
  3090.1000       4.20924571E-02
  3090.2000       4.21039459E-02
  3090.3000       4.21153509E-02
  3090.4000       4.21261467E-02
  3090.5000       4.21363786E-02
  3090.6000       4.21470438E-02
  3090.7000       4.21579319E-02
  3090.8000       4.21685783E-02
  3090.9000       4.21783471E-02
  3091.0000       4.21873205E-02
  3091.1000       4.21950045E-02
  3091.2000       4.22015574E-02
  3091.3000       4.22057157E-02
  3091.4000       4.22069831E-02
  3091.5000       4.22055727E-02
  3091.6000       4.22026288E-02
  3091.7000       4.21993953E-02
  3091.8000       4.21959679E-02
  3091.9000       4.21916964E-02
  3092.0000       4.21862915E-02
  3092.1000       4.21808948E-02
  3092.2000       4.21766011E-02
  3092.3000       4.21742122E-02
  3092.4000       4.21742766E-02
  3092.5000       4.21759270E-02
  3092.6000       4.21786961E-02
  3092.7000       4.21816030E-02
  3092.8000       4.21839169E-02
  3092.9000       4.21849945E-02
  3093.0000       4.21850082E-02
  3093.1000       4.21838442E-02
  3093.2000       4.21819021E-02
  3093.3000       4.21791924E-02
  3093.4000       4.21760502E-02
  3093.5000       4.21724883E-02
  3093.6000       4.21680839E-02
  3093.7000       4.21637894E-02
  3093.8000       4.21592308E-02
  3093.9000       4.21553928E-02
  3094.0000       4.21533303E-02
  3094.1000       4.21528112E-02
  3094.2000       4.21542641E-02
  3094.3000       4.21581290E-02
  3094.4000       4.21634039E-02
  3094.5000       4.21704380E-02
  3094.6000       4.21780046E-02
  3094.7000       4.21849015E-02
  3094.8000       4.21908389E-02
  3094.9000       4.21950484E-02
  3095.0000       4.21971304E-02
  3095.1000       4.21971965E-02
  3095.2000       4.21956202E-02
  3095.3000       4.21931064E-02
  3095.4000       4.21895088E-02
  3095.5000       4.21851776E-02
  3095.6000       4.21797559E-02
  3095.7000       4.21727233E-02
  3095.8000       4.21637429E-02
  3095.9000       4.21528667E-02
  3096.0000       4.21405903E-02
  3096.1000       4.21269415E-02
  3096.2000       4.21122675E-02
  3096.3000       4.20973991E-02
  3096.4000       4.20820507E-02
  3096.5000       4.20666185E-02
  3096.6000       4.20515477E-02
  3096.7000       4.20366557E-02
  3096.8000       4.20227531E-02
  3096.9000       4.20099217E-02
  3097.0000       4.19983482E-02
  3097.1000       4.19877966E-02
  3097.2000       4.19783329E-02
  3097.3000       4.19705030E-02
  3097.4000       4.19635058E-02
  3097.5000       4.19574211E-02
  3097.6000       4.19525839E-02
  3097.7000       4.19485804E-02
  3097.8000       4.19454764E-02
  3097.9000       4.19422885E-02
  3098.0000       4.19397640E-02
  3098.1000       4.19380260E-02
  3098.2000       4.19370935E-02
  3098.3000       4.19367348E-02
  3098.4000       4.19364824E-02
  3098.5000       4.19354828E-02
  3098.6000       4.19339704E-02
  3098.7000       4.19326922E-02
  3098.8000       4.19320541E-02
  3098.9000       4.19319012E-02
  3099.0000       4.19318003E-02
  3099.1000       4.19313298E-02
  3099.2000       4.19290780E-02
  3099.3000       4.19243397E-02
  3099.4000       4.19172916E-02
  3099.5000       4.19097220E-02
  3099.6000       4.19024147E-02
  3099.7000       4.18968541E-02
  3099.8000       4.18938127E-02
  3099.9000       4.18931047E-02
  3100.0000       4.18946806E-02
  3100.1000       4.18976702E-02
  3100.2000       4.19009897E-02
  3100.3000       4.19041795E-02
  3100.4000       4.19069030E-02
  3100.5000       4.19090500E-02
  3100.6000       4.19102375E-02
  3100.7000       4.19110161E-02
  3100.8000       4.19114721E-02
  3100.9000       4.19121377E-02
  3101.0000       4.19130048E-02
  3101.1000       4.19146011E-02
  3101.2000       4.19173331E-02
  3101.3000       4.19189764E-02
  3101.4000       4.19191040E-02
  3101.5000       4.19181552E-02
  3101.6000       4.19173368E-02
  3101.7000       4.19160528E-02
  3101.8000       4.19153628E-02
  3101.9000       4.19153374E-02
  3102.0000       4.19153576E-02
  3102.1000       4.19151835E-02
  3102.2000       4.19138417E-02
  3102.3000       4.19109584E-02
  3102.4000       4.19068011E-02
  3102.5000       4.19014941E-02
  3102.6000       4.18951408E-02
  3102.7000       4.18880364E-02
  3102.8000       4.18800816E-02
  3102.9000       4.18718106E-02
  3103.0000       4.18643823E-02
  3103.1000       4.18583452E-02
  3103.2000       4.18531788E-02
  3103.3000       4.18487830E-02
  3103.4000       4.18467646E-02
  3103.5000       4.18468795E-02
  3103.6000       4.18488983E-02
  3103.7000       4.18522358E-02
  3103.8000       4.18559607E-02
  3103.9000       4.18594992E-02
  3104.0000       4.18613361E-02
  3104.1000       4.18607541E-02
  3104.2000       4.18569182E-02
  3104.3000       4.18502006E-02
  3104.4000       4.18407795E-02
  3104.5000       4.18292038E-02
  3104.6000       4.18165320E-02
  3104.7000       4.18037689E-02
  3104.8000       4.17909956E-02
  3104.9000       4.17785349E-02
  3105.0000       4.17669984E-02
  3105.1000       4.17564652E-02
  3105.2000       4.17464915E-02
  3105.3000       4.17364269E-02
  3105.4000       4.17259246E-02
  3105.5000       4.17151351E-02
  3105.6000       4.17039811E-02
  3105.7000       4.16928405E-02
  3105.8000       4.16809518E-02
  3105.9000       4.16685266E-02
  3106.0000       4.16559487E-02
  3106.1000       4.16437225E-02
  3106.2000       4.16322782E-02
  3106.3000       4.16209333E-02
  3106.4000       4.16111356E-02
  3106.5000       4.16020754E-02
  3106.6000       4.15938983E-02
  3106.7000       4.15858091E-02
  3106.8000       4.15774693E-02
  3106.9000       4.15677959E-02
  3107.0000       4.15568096E-02
  3107.1000       4.15437403E-02
  3107.2000       4.15287256E-02
  3107.3000       4.15116321E-02
  3107.4000       4.14931004E-02
  3107.5000       4.14726523E-02
  3107.6000       4.14507892E-02
  3107.7000       4.14280522E-02
  3107.8000       4.14047313E-02
  3107.9000       4.13810765E-02
  3108.0000       4.13563642E-02
  3108.1000       4.13302836E-02
  3108.2000       4.13028197E-02
  3108.3000       4.12738091E-02
  3108.4000       4.12436432E-02
  3108.5000       4.12133359E-02
  3108.6000       4.11835616E-02
  3108.7000       4.11556609E-02
  3108.8000       4.11301763E-02
  3108.9000       4.11078568E-02
  3109.0000       4.10897864E-02
  3109.1000       4.10749882E-02
  3109.2000       4.10627883E-02
  3109.3000       4.10528847E-02
  3109.4000       4.10442736E-02
  3109.5000       4.10354652E-02
  3109.6000       4.10265184E-02
  3109.7000       4.10172834E-02
  3109.8000       4.10072610E-02
  3109.9000       4.09968210E-02
  3110.0000       4.09866034E-02
  3110.1000       4.09764018E-02
  3110.2000       4.09663636E-02
  3110.3000       4.09563927E-02
  3110.4000       4.09467141E-02
  3110.5000       4.09390292E-02
  3110.6000       4.09330558E-02
  3110.7000       4.09280204E-02
  3110.8000       4.09223954E-02
  3110.9000       4.09163873E-02
  3111.0000       4.09105774E-02
  3111.1000       4.09060108E-02
  3111.2000       4.09034890E-02
  3111.3000       4.09026608E-02
  3111.4000       4.09029016E-02
  3111.5000       4.09042025E-02
  3111.6000       4.09068444E-02
  3111.7000       4.09105650E-02
  3111.8000       4.09156299E-02
  3111.9000       4.09216792E-02
  3112.0000       4.09287481E-02
  3112.1000       4.09364837E-02
  3112.2000       4.09451277E-02
  3112.3000       4.09547207E-02
  3112.4000       4.09644061E-02
  3112.5000       4.09735438E-02
  3112.6000       4.09819234E-02
  3112.7000       4.09900424E-02
  3112.8000       4.09982386E-02
  3112.9000       4.10067306E-02
  3113.0000       4.10158354E-02
  3113.1000       4.10258095E-02
  3113.2000       4.10363466E-02
  3113.3000       4.10469348E-02
  3113.4000       4.10574677E-02
  3113.5000       4.10674924E-02
  3113.6000       4.10777813E-02
  3113.7000       4.10887025E-02
  3113.8000       4.11008514E-02
  3113.9000       4.11137172E-02
  3114.0000       4.11275104E-02
  3114.1000       4.11424213E-02
  3114.2000       4.11580862E-02
  3114.3000       4.11744609E-02
  3114.4000       4.11908741E-02
  3114.5000       4.12067020E-02
  3114.6000       4.12209314E-02
  3114.7000       4.12339614E-02
  3114.8000       4.12468791E-02
  3114.9000       4.12590618E-02
  3115.0000       4.12705242E-02
  3115.1000       4.12801296E-02
  3115.2000       4.12882069E-02
  3115.3000       4.12941278E-02
  3115.4000       4.12985493E-02
  3115.5000       4.13022067E-02
  3115.6000       4.13053770E-02
  3115.7000       4.13091266E-02
  3115.8000       4.13135742E-02
  3115.9000       4.13184249E-02
  3116.0000       4.13242413E-02
  3116.1000       4.13312311E-02
  3116.2000       4.13394933E-02
  3116.3000       4.13486370E-02
  3116.4000       4.13585441E-02
  3116.5000       4.13693651E-02
  3116.6000       4.13810415E-02
  3116.7000       4.13934117E-02
  3116.8000       4.14058005E-02
  3116.9000       4.14175878E-02
  3117.0000       4.14287463E-02
  3117.1000       4.14388785E-02
  3117.2000       4.14475038E-02
  3117.3000       4.14549489E-02
  3117.4000       4.14610554E-02
  3117.5000       4.14665683E-02
  3117.6000       4.14722118E-02
  3117.7000       4.14768582E-02
  3117.8000       4.14806193E-02
  3117.9000       4.14842493E-02
  3118.0000       4.14878076E-02
  3118.1000       4.14914026E-02
  3118.2000       4.14939205E-02
  3118.3000       4.14946207E-02
  3118.4000       4.14934342E-02
  3118.5000       4.14901599E-02
  3118.6000       4.14841578E-02
  3118.7000       4.14759675E-02
  3118.8000       4.14650511E-02
  3118.9000       4.14517860E-02
  3119.0000       4.14367237E-02
  3119.1000       4.14200316E-02
  3119.2000       4.14016020E-02
  3119.3000       4.13811982E-02
  3119.4000       4.13588216E-02
  3119.5000       4.13349418E-02
  3119.6000       4.13100159E-02
  3119.7000       4.12843388E-02
  3119.8000       4.12581737E-02
  3119.9000       4.12316875E-02
  3120.0000       4.12053948E-02
  3120.1000       4.11802487E-02
  3120.2000       4.11568346E-02
  3120.3000       4.11354940E-02
  3120.4000       4.11162783E-02
  3120.5000       4.10986945E-02
  3120.6000       4.10823255E-02
  3120.7000       4.10667027E-02
  3120.8000       4.10517846E-02
  3120.9000       4.10379290E-02
  3121.0000       4.10246351E-02
  3121.1000       4.10120331E-02
  3121.2000       4.10000062E-02
  3121.3000       4.09875068E-02
  3121.4000       4.09749495E-02
  3121.5000       4.09633847E-02
  3121.6000       4.09545114E-02
  3121.7000       4.09492050E-02
  3121.8000       4.09477907E-02
  3121.9000       4.09501662E-02
  3122.0000       4.09551973E-02
  3122.1000       4.09619205E-02
  3122.2000       4.09700124E-02
  3122.3000       4.09789468E-02
  3122.4000       4.09889368E-02
  3122.5000       4.09999296E-02
  3122.6000       4.10120442E-02
  3122.7000       4.10248355E-02
  3122.8000       4.10381221E-02
  3122.9000       4.10516249E-02
  3123.0000       4.10654407E-02
  3123.1000       4.10788356E-02
  3123.2000       4.10908777E-02
  3123.3000       4.11008347E-02
  3123.4000       4.11098132E-02
  3123.5000       4.11169731E-02
  3123.6000       4.11234527E-02
  3123.7000       4.11305679E-02
  3123.8000       4.11384925E-02
  3123.9000       4.11462537E-02
  3124.0000       4.11536437E-02
  3124.1000       4.11608255E-02
  3124.2000       4.11671254E-02
  3124.3000       4.11716253E-02
  3124.4000       4.11741615E-02
  3124.5000       4.11752993E-02
  3124.6000       4.11755931E-02
  3124.7000       4.11750815E-02
  3124.8000       4.11746528E-02
  3124.9000       4.11746074E-02
  3125.0000       4.11745525E-02
  3125.1000       4.11742030E-02
  3125.2000       4.11738507E-02
  3125.3000       4.11729229E-02
  3125.4000       4.11706837E-02
  3125.5000       4.11674179E-02
  3125.6000       4.11638119E-02
  3125.7000       4.11600936E-02
  3125.8000       4.11564227E-02
  3125.9000       4.11526098E-02
  3126.0000       4.11486366E-02
  3126.1000       4.11441759E-02
  3126.2000       4.11390015E-02
  3126.3000       4.11333977E-02
  3126.4000       4.11279193E-02
  3126.5000       4.11234061E-02
  3126.6000       4.11195385E-02
  3126.7000       4.11162916E-02
  3126.8000       4.11144443E-02
  3126.9000       4.11141877E-02
  3127.0000       4.11141526E-02
  3127.1000       4.11131778E-02
  3127.2000       4.11110894E-02
  3127.3000       4.11091348E-02
  3127.4000       4.11077430E-02
  3127.5000       4.11078772E-02
  3127.6000       4.11092348E-02
  3127.7000       4.11126573E-02
  3127.8000       4.11176259E-02
  3127.9000       4.11235726E-02
  3128.0000       4.11297306E-02
  3128.1000       4.11357009E-02
  3128.2000       4.11404810E-02
  3128.3000       4.11436623E-02
  3128.4000       4.11449033E-02
  3128.5000       4.11447315E-02
  3128.6000       4.11445048E-02
  3128.7000       4.11449368E-02
  3128.8000       4.11463108E-02
  3128.9000       4.11496497E-02
  3129.0000       4.11549098E-02
  3129.1000       4.11617987E-02
  3129.2000       4.11703515E-02
  3129.3000       4.11800773E-02
  3129.4000       4.11888182E-02
  3129.5000       4.11955957E-02
  3129.6000       4.12001020E-02
  3129.7000       4.12025806E-02
  3129.8000       4.12025589E-02
  3129.9000       4.11994270E-02
  3130.0000       4.11931693E-02
  3130.1000       4.11845683E-02
  3130.2000       4.11743557E-02
  3130.3000       4.11639453E-02
  3130.4000       4.11532365E-02
  3130.5000       4.11419667E-02
  3130.6000       4.11312815E-02
  3130.7000       4.11218751E-02
  3130.8000       4.11143911E-02
  3130.9000       4.11084660E-02
  3131.0000       4.11036131E-02
  3131.1000       4.10992822E-02
  3131.2000       4.10954935E-02
  3131.3000       4.10929138E-02
  3131.4000       4.10910874E-02
  3131.5000       4.10900357E-02
  3131.6000       4.10899133E-02
  3131.7000       4.10896238E-02
  3131.8000       4.10896580E-02
  3131.9000       4.10912825E-02
  3132.0000       4.10950575E-02
  3132.1000       4.11013031E-02
  3132.2000       4.11099079E-02
  3132.3000       4.11207378E-02
  3132.4000       4.11344489E-02
  3132.5000       4.11497588E-02
  3132.6000       4.11668255E-02
  3132.7000       4.11858799E-02
  3132.8000       4.12062880E-02
  3132.9000       4.12277237E-02
  3133.0000       4.12497815E-02
  3133.1000       4.12722784E-02
  3133.2000       4.12947460E-02
  3133.3000       4.13164058E-02
  3133.4000       4.13374606E-02
  3133.5000       4.13569488E-02
  3133.6000       4.13756240E-02
  3133.7000       4.13941245E-02
  3133.8000       4.14126931E-02
  3133.9000       4.14306786E-02
  3134.0000       4.14474329E-02
  3134.1000       4.14625074E-02
  3134.2000       4.14779790E-02
  3134.3000       4.14942666E-02
  3134.4000       4.15103028E-02
  3134.5000       4.15261281E-02
  3134.6000       4.15424999E-02
  3134.7000       4.15591486E-02
  3134.8000       4.15763146E-02
  3134.9000       4.15927607E-02
  3135.0000       4.16070154E-02
  3135.1000       4.16184515E-02
  3135.2000       4.16261924E-02
  3135.3000       4.16296340E-02
  3135.4000       4.16289346E-02
  3135.5000       4.16247989E-02
  3135.6000       4.16184994E-02
  3135.7000       4.16106322E-02
  3135.8000       4.16026936E-02
  3135.9000       4.15944829E-02
  3136.0000       4.15849226E-02
  3136.1000       4.15734392E-02
  3136.2000       4.15603411E-02
  3136.3000       4.15458973E-02
  3136.4000       4.15305999E-02
  3136.5000       4.15146052E-02
  3136.6000       4.14980923E-02
  3136.7000       4.14810664E-02
  3136.8000       4.14632348E-02
  3136.9000       4.14447111E-02
  3137.0000       4.14257303E-02
  3137.1000       4.14075016E-02
  3137.2000       4.13906222E-02
  3137.3000       4.13759475E-02
  3137.4000       4.13637315E-02
  3137.5000       4.13540754E-02
  3137.6000       4.13468506E-02
  3137.7000       4.13425855E-02
  3137.8000       4.13416378E-02
  3137.9000       4.13443675E-02
  3138.0000       4.13490401E-02
  3138.1000       4.13541275E-02
  3138.2000       4.13587428E-02
  3138.3000       4.13627273E-02
  3138.4000       4.13653022E-02
  3138.5000       4.13669562E-02
  3138.6000       4.13685362E-02
  3138.7000       4.13713800E-02
  3138.8000       4.13761385E-02
  3138.9000       4.13822843E-02
  3139.0000       4.13883493E-02
  3139.1000       4.13941421E-02
  3139.2000       4.14002800E-02
  3139.3000       4.14073860E-02
  3139.4000       4.14159778E-02
  3139.5000       4.14252950E-02
  3139.6000       4.14344598E-02
  3139.7000       4.14428737E-02
  3139.8000       4.14507790E-02
  3139.9000       4.14582348E-02
  3140.0000       4.14654617E-02
  3140.1000       4.14726684E-02
  3140.2000       4.14802818E-02
  3140.3000       4.14889446E-02
  3140.4000       4.14991572E-02
  3140.5000       4.15110792E-02
  3140.6000       4.15250081E-02
  3140.7000       4.15406888E-02
  3140.8000       4.15565447E-02
  3140.9000       4.15723573E-02
  3141.0000       4.15879769E-02
  3141.1000       4.16036736E-02
  3141.2000       4.16189409E-02
  3141.3000       4.16343450E-02
  3141.4000       4.16498618E-02
  3141.5000       4.16666092E-02
  3141.6000       4.16846199E-02
  3141.7000       4.17040131E-02
  3141.8000       4.17237701E-02
  3141.9000       4.17436050E-02
  3142.0000       4.17635105E-02
  3142.1000       4.17833227E-02
  3142.2000       4.18028865E-02
  3142.3000       4.18226837E-02
  3142.4000       4.18428899E-02
  3142.5000       4.18622814E-02
  3142.6000       4.18800613E-02
  3142.7000       4.18968702E-02
  3142.8000       4.19126668E-02
  3142.9000       4.19264100E-02
  3143.0000       4.19377432E-02
  3143.1000       4.19469853E-02
  3143.2000       4.19541197E-02
  3143.3000       4.19586636E-02
  3143.4000       4.19600513E-02
  3143.5000       4.19584298E-02
  3143.6000       4.19539353E-02
  3143.7000       4.19473207E-02
  3143.8000       4.19392884E-02
  3143.9000       4.19298755E-02
  3144.0000       4.19195278E-02
  3144.1000       4.19085647E-02
  3144.2000       4.18966136E-02
  3144.3000       4.18843236E-02
  3144.4000       4.18714283E-02
  3144.5000       4.18578745E-02
  3144.6000       4.18446795E-02
  3144.7000       4.18328646E-02
  3144.8000       4.18224861E-02
  3144.9000       4.18133983E-02
  3145.0000       4.18050170E-02
  3145.1000       4.17974953E-02
  3145.2000       4.17903628E-02
  3145.3000       4.17838636E-02
  3145.4000       4.17784856E-02
  3145.5000       4.17741900E-02
  3145.6000       4.17715688E-02
  3145.7000       4.17713063E-02
  3145.8000       4.17727965E-02
  3145.9000       4.17748717E-02
  3146.0000       4.17764983E-02
  3146.1000       4.17780763E-02
  3146.2000       4.17793040E-02
  3146.3000       4.17808124E-02
  3146.4000       4.17821779E-02
  3146.5000       4.17833963E-02
  3146.6000       4.17833588E-02
  3146.7000       4.17817669E-02
  3146.8000       4.17788366E-02
  3146.9000       4.17745459E-02
  3147.0000       4.17694357E-02
  3147.1000       4.17638302E-02
  3147.2000       4.17576299E-02
  3147.3000       4.17514888E-02
  3147.4000       4.17453065E-02
  3147.5000       4.17403280E-02
  3147.6000       4.17370202E-02
  3147.7000       4.17357716E-02
  3147.8000       4.17366087E-02
  3147.9000       4.17385498E-02
  3148.0000       4.17406749E-02
  3148.1000       4.17431354E-02
  3148.2000       4.17460233E-02
  3148.3000       4.17502903E-02
  3148.4000       4.17560964E-02
  3148.5000       4.17626545E-02
  3148.6000       4.17682091E-02
  3148.7000       4.17721579E-02
  3148.8000       4.17736107E-02
  3148.9000       4.17720922E-02
  3149.0000       4.17680547E-02
  3149.1000       4.17626146E-02
  3149.2000       4.17557614E-02
  3149.3000       4.17486351E-02
  3149.4000       4.17414941E-02
  3149.5000       4.17346995E-02
  3149.6000       4.17293232E-02
  3149.7000       4.17255411E-02
  3149.8000       4.17239624E-02
  3149.9000       4.17235880E-02
  3150.0000       4.17240829E-02
  3150.1000       4.17241749E-02
  3150.2000       4.17240021E-02
  3150.3000       4.17234514E-02
  3150.4000       4.17231371E-02
  3150.5000       4.17227769E-02
  3150.6000       4.17217061E-02
  3150.7000       4.17214955E-02
  3150.8000       4.17215738E-02
  3150.9000       4.17214538E-02
  3151.0000       4.17223920E-02
  3151.1000       4.17244333E-02
  3151.2000       4.17268529E-02
  3151.3000       4.17294004E-02
  3151.4000       4.17310649E-02
  3151.5000       4.17321894E-02
  3151.6000       4.17324083E-02
  3151.7000       4.17318407E-02
  3151.8000       4.17303598E-02
  3151.9000       4.17279733E-02
  3152.0000       4.17253101E-02
  3152.1000       4.17222735E-02
  3152.2000       4.17194378E-02
  3152.3000       4.17167430E-02
  3152.4000       4.17136284E-02
  3152.5000       4.17102351E-02
  3152.6000       4.17065366E-02
  3152.7000       4.17024869E-02
  3152.8000       4.16987087E-02
  3152.9000       4.16953980E-02
  3153.0000       4.16922514E-02
  3153.1000       4.16890699E-02
  3153.2000       4.16861210E-02
  3153.3000       4.16836799E-02
  3153.4000       4.16821537E-02
  3153.5000       4.16816722E-02
  3153.6000       4.16825050E-02
  3153.7000       4.16847431E-02
  3153.8000       4.16887984E-02
  3153.9000       4.16939140E-02
  3154.0000       4.16999709E-02
  3154.1000       4.17062437E-02
  3154.2000       4.17116524E-02
  3154.3000       4.17163391E-02
  3154.4000       4.17202201E-02
  3154.5000       4.17230602E-02
  3154.6000       4.17242741E-02
  3154.7000       4.17234709E-02
  3154.8000       4.17208971E-02
  3154.9000       4.17170080E-02
  3155.0000       4.17112509E-02
  3155.1000       4.17038659E-02
  3155.2000       4.16950344E-02
  3155.3000       4.16849817E-02
  3155.4000       4.16732535E-02
  3155.5000       4.16590056E-02
  3155.6000       4.16424172E-02
  3155.7000       4.16245775E-02
  3155.8000       4.16052507E-02
  3155.9000       4.15848899E-02
  3156.0000       4.15648541E-02
  3156.1000       4.15463084E-02
  3156.2000       4.15298816E-02
  3156.3000       4.15156431E-02
  3156.4000       4.15029923E-02
  3156.5000       4.14914909E-02
  3156.6000       4.14806530E-02
  3156.7000       4.14699863E-02
  3156.8000       4.14591476E-02
  3156.9000       4.14489914E-02
  3157.0000       4.14393852E-02
  3157.1000       4.14302897E-02
  3157.2000       4.14223034E-02
  3157.3000       4.14162088E-02
  3157.4000       4.14121075E-02
  3157.5000       4.14102552E-02
  3157.6000       4.14106601E-02
  3157.7000       4.14121975E-02
  3157.8000       4.14147624E-02
  3157.9000       4.14173180E-02
  3158.0000       4.14198819E-02
  3158.1000       4.14223195E-02
  3158.2000       4.14243498E-02
  3158.3000       4.14258634E-02
  3158.4000       4.14259822E-02
  3158.5000       4.14247434E-02
  3158.6000       4.14219553E-02
  3158.7000       4.14172302E-02
  3158.8000       4.14109930E-02
  3158.9000       4.14043206E-02
  3159.0000       4.13973009E-02
  3159.1000       4.13899712E-02
  3159.2000       4.13833433E-02
  3159.3000       4.13781819E-02
  3159.4000       4.13737091E-02
  3159.5000       4.13693047E-02
  3159.6000       4.13642089E-02
  3159.7000       4.13580192E-02
  3159.8000       4.13506573E-02
  3159.9000       4.13419186E-02
  3160.0000       4.13322237E-02
  3160.1000       4.13208216E-02
  3160.2000       4.13078926E-02
  3160.3000       4.12931019E-02
  3160.4000       4.12752926E-02
  3160.5000       4.12546827E-02
  3160.6000       4.12320241E-02
  3160.7000       4.12082292E-02
  3160.8000       4.11842008E-02
  3160.9000       4.11599997E-02
  3161.0000       4.11358569E-02
  3161.1000       4.11118655E-02
  3161.2000       4.10876668E-02
  3161.3000       4.10628700E-02
  3161.4000       4.10375317E-02
  3161.5000       4.10115790E-02
  3161.6000       4.09850688E-02
  3161.7000       4.09582207E-02
  3161.8000       4.09307838E-02
  3161.9000       4.09022517E-02
  3162.0000       4.08735706E-02
  3162.1000       4.08455446E-02
  3162.2000       4.08191461E-02
  3162.3000       4.07956804E-02
  3162.4000       4.07756518E-02
  3162.5000       4.07596612E-02
  3162.6000       4.07474844E-02
  3162.7000       4.07390963E-02
  3162.8000       4.07344687E-02
  3162.9000       4.07337119E-02
  3163.0000       4.07364793E-02
  3163.1000       4.07426425E-02
  3163.2000       4.07512671E-02
  3163.3000       4.07608023E-02
  3163.4000       4.07695449E-02
  3163.5000       4.07766560E-02
  3163.6000       4.07811065E-02
  3163.7000       4.07819224E-02
  3163.8000       4.07792753E-02
  3163.9000       4.07758346E-02
  3164.0000       4.07731547E-02
  3164.1000       4.07722135E-02
  3164.2000       4.07728646E-02
  3164.3000       4.07750605E-02
  3164.4000       4.07788143E-02
  3164.5000       4.07834410E-02
  3164.6000       4.07884612E-02
  3164.7000       4.07929955E-02
  3164.8000       4.07965421E-02
  3164.9000       4.07992259E-02
  3165.0000       4.08006048E-02
  3165.1000       4.08003007E-02
  3165.2000       4.07987723E-02
  3165.3000       4.07960841E-02
  3165.4000       4.07930921E-02
  3165.5000       4.07912496E-02
  3165.6000       4.07905113E-02
  3165.7000       4.07904956E-02
  3165.8000       4.07908884E-02
  3165.9000       4.07915407E-02
  3166.0000       4.07916675E-02
  3166.1000       4.07914629E-02
  3166.2000       4.07906561E-02
  3166.3000       4.07885911E-02
  3166.4000       4.07854662E-02
  3166.5000       4.07805533E-02
  3166.6000       4.07751076E-02
  3166.7000       4.07700731E-02
  3166.8000       4.07659727E-02
  3166.9000       4.07620573E-02
  3167.0000       4.07583987E-02
  3167.1000       4.07555552E-02
  3167.2000       4.07534519E-02
  3167.3000       4.07514388E-02
  3167.4000       4.07484318E-02
  3167.5000       4.07448237E-02
  3167.6000       4.07406913E-02
  3167.7000       4.07360106E-02
  3167.8000       4.07311764E-02
  3167.9000       4.07267112E-02
  3168.0000       4.07231993E-02
  3168.1000       4.07211568E-02
  3168.2000       4.07205906E-02
  3168.3000       4.07219606E-02
  3168.4000       4.07253076E-02
  3168.5000       4.07302302E-02
  3168.6000       4.07351890E-02
  3168.7000       4.07399591E-02
  3168.8000       4.07442342E-02
  3168.9000       4.07482576E-02
  3169.0000       4.07521056E-02
  3169.1000       4.07559578E-02
  3169.2000       4.07605567E-02
  3169.3000       4.07658242E-02
  3169.4000       4.07717470E-02
  3169.5000       4.07779809E-02
  3169.6000       4.07848326E-02
  3169.7000       4.07929958E-02
  3169.8000       4.08022564E-02
  3169.9000       4.08119850E-02
  3170.0000       4.08216855E-02
  3170.1000       4.08312982E-02
  3170.2000       4.08404509E-02
  3170.3000       4.08500833E-02
  3170.4000       4.08594173E-02
  3170.5000       4.08681448E-02
  3170.6000       4.08764247E-02
  3170.7000       4.08846222E-02
  3170.8000       4.08923296E-02
  3170.9000       4.09001058E-02
  3171.0000       4.09081505E-02
  3171.1000       4.09162518E-02
  3171.2000       4.09240682E-02
  3171.3000       4.09311532E-02
  3171.4000       4.09379262E-02
  3171.5000       4.09441954E-02
  3171.6000       4.09500576E-02
  3171.7000       4.09548447E-02
  3171.8000       4.09583583E-02
  3171.9000       4.09604283E-02
  3172.0000       4.09608938E-02
  3172.1000       4.09595653E-02
  3172.2000       4.09574993E-02
  3172.3000       4.09561990E-02
  3172.4000       4.09564046E-02
  3172.5000       4.09585715E-02
  3172.6000       4.09615813E-02
  3172.7000       4.09664298E-02
  3172.8000       4.09731775E-02
  3172.9000       4.09820101E-02
  3173.0000       4.09933912E-02
  3173.1000       4.10069346E-02
  3173.2000       4.10211939E-02
  3173.3000       4.10355816E-02
  3173.4000       4.10494843E-02
  3173.5000       4.10620141E-02
  3173.6000       4.10725815E-02
  3173.7000       4.10825790E-02
  3173.8000       4.10927240E-02
  3173.9000       4.11045352E-02
  3174.0000       4.11179239E-02
  3174.1000       4.11324272E-02
  3174.2000       4.11474807E-02
  3174.3000       4.11627686E-02
  3174.4000       4.11777314E-02
  3174.5000       4.11932717E-02
  3174.6000       4.12095640E-02
  3174.7000       4.12265118E-02
  3174.8000       4.12440582E-02
  3174.9000       4.12616028E-02
  3175.0000       4.12786091E-02
  3175.1000       4.12940834E-02
  3175.2000       4.13071132E-02
  3175.3000       4.13176170E-02
  3175.4000       4.13248615E-02
  3175.5000       4.13289449E-02
  3175.6000       4.13304434E-02
  3175.7000       4.13305222E-02
  3175.8000       4.13296989E-02
  3175.9000       4.13287082E-02
  3176.0000       4.13275680E-02
  3176.1000       4.13262962E-02
  3176.2000       4.13242125E-02
  3176.3000       4.13214466E-02
  3176.4000       4.13183090E-02
  3176.5000       4.13146465E-02
  3176.6000       4.13111856E-02
  3176.7000       4.13080161E-02
  3176.8000       4.13048778E-02
  3176.9000       4.13012191E-02
  3177.0000       4.12969123E-02
  3177.1000       4.12928824E-02
  3177.2000       4.12893738E-02
  3177.3000       4.12862703E-02
  3177.4000       4.12833417E-02
  3177.5000       4.12800897E-02
  3177.6000       4.12763862E-02
  3177.7000       4.12724706E-02
  3177.8000       4.12686668E-02
  3177.9000       4.12651035E-02
  3178.0000       4.12620064E-02
  3178.1000       4.12596247E-02
  3178.2000       4.12570846E-02
  3178.3000       4.12534902E-02
  3178.4000       4.12486173E-02
  3178.5000       4.12424497E-02
  3178.6000       4.12344312E-02
  3178.7000       4.12248007E-02
  3178.8000       4.12137928E-02
  3178.9000       4.12018911E-02
  3179.0000       4.11898649E-02
  3179.1000       4.11779298E-02
  3179.2000       4.11674086E-02
  3179.3000       4.11587911E-02
  3179.4000       4.11515433E-02
  3179.5000       4.11455837E-02
  3179.6000       4.11411059E-02
  3179.7000       4.11374168E-02
  3179.8000       4.11339128E-02
  3179.9000       4.11314915E-02
  3180.0000       4.11301963E-02
  3180.1000       4.11305077E-02
  3180.2000       4.11323262E-02
  3180.3000       4.11366106E-02
  3180.4000       4.11433252E-02
  3180.5000       4.11518548E-02
  3180.6000       4.11615297E-02
  3180.7000       4.11720575E-02
  3180.8000       4.11840082E-02
  3180.9000       4.11968610E-02
  3181.0000       4.12101700E-02
  3181.1000       4.12226684E-02
  3181.2000       4.12336338E-02
  3181.3000       4.12427999E-02
  3181.4000       4.12501122E-02
  3181.5000       4.12555033E-02
  3181.6000       4.12589349E-02
  3181.7000       4.12609222E-02
  3181.8000       4.12621541E-02
  3181.9000       4.12629311E-02
  3182.0000       4.12637302E-02
  3182.1000       4.12647778E-02
  3182.2000       4.12666286E-02
  3182.3000       4.12693779E-02
  3182.4000       4.12728250E-02
  3182.5000       4.12764725E-02
  3182.6000       4.12798750E-02
  3182.7000       4.12821807E-02
  3182.8000       4.12833327E-02
  3182.9000       4.12835010E-02
  3183.0000       4.12826042E-02
  3183.1000       4.12802950E-02
  3183.2000       4.12770775E-02
  3183.3000       4.12741386E-02
  3183.4000       4.12704665E-02
  3183.5000       4.12662884E-02
  3183.6000       4.12609781E-02
  3183.7000       4.12552470E-02
  3183.8000       4.12492525E-02
  3183.9000       4.12426354E-02
  3184.0000       4.12355253E-02
  3184.1000       4.12284616E-02
  3184.2000       4.12206320E-02
  3184.3000       4.12119098E-02
  3184.4000       4.12019673E-02
  3184.5000       4.11917522E-02
  3184.6000       4.11826115E-02
  3184.7000       4.11757513E-02
  3184.8000       4.11714535E-02
  3184.9000       4.11686797E-02
  3185.0000       4.11660349E-02
  3185.1000       4.11637726E-02
  3185.2000       4.11615227E-02
  3185.3000       4.11593031E-02
  3185.4000       4.11564173E-02
  3185.5000       4.11527801E-02
  3185.6000       4.11483492E-02
  3185.7000       4.11435754E-02
  3185.8000       4.11392347E-02
  3185.9000       4.11361529E-02
  3186.0000       4.11344747E-02
  3186.1000       4.11344942E-02
  3186.2000       4.11359643E-02
  3186.3000       4.11375916E-02
  3186.4000       4.11391233E-02
  3186.5000       4.11397810E-02
  3186.6000       4.11392454E-02
  3186.7000       4.11372509E-02
  3186.8000       4.11339202E-02
  3186.9000       4.11302217E-02
  3187.0000       4.11268873E-02
  3187.1000       4.11243206E-02
  3187.2000       4.11226424E-02
  3187.3000       4.11219438E-02
  3187.4000       4.11219695E-02
  3187.5000       4.11222094E-02
  3187.6000       4.11224584E-02
  3187.7000       4.11215336E-02
  3187.8000       4.11192403E-02
  3187.9000       4.11150859E-02
  3188.0000       4.11078100E-02
  3188.1000       4.10969362E-02
  3188.2000       4.10829897E-02
  3188.3000       4.10671852E-02
  3188.4000       4.10503977E-02
  3188.5000       4.10334148E-02
  3188.6000       4.10165678E-02
  3188.7000       4.10002207E-02
  3188.8000       4.09839221E-02
  3188.9000       4.09681157E-02
  3189.0000       4.09537854E-02
  3189.1000       4.09407050E-02
  3189.2000       4.09285469E-02
  3189.3000       4.09174521E-02
  3189.4000       4.09080271E-02
  3189.5000       4.09002797E-02
  3189.6000       4.08944611E-02
  3189.7000       4.08901482E-02
  3189.8000       4.08873357E-02
  3189.9000       4.08855730E-02
  3190.0000       4.08851575E-02
  3190.1000       4.08859354E-02
  3190.2000       4.08879072E-02
  3190.3000       4.08914563E-02
  3190.4000       4.08963164E-02
  3190.5000       4.09024872E-02
  3190.6000       4.09098575E-02
  3190.7000       4.09176995E-02
  3190.8000       4.09252265E-02
  3190.9000       4.09326747E-02
  3191.0000       4.09399125E-02
  3191.1000       4.09465299E-02
  3191.2000       4.09527490E-02
  3191.3000       4.09591291E-02
  3191.4000       4.09661343E-02
  3191.5000       4.09726477E-02
  3191.6000       4.09774189E-02
  3191.7000       4.09811653E-02
  3191.8000       4.09855844E-02
  3191.9000       4.09909788E-02
  3192.0000       4.09969879E-02
  3192.1000       4.10032814E-02
  3192.2000       4.10104561E-02
  3192.3000       4.10177117E-02
  3192.4000       4.10244938E-02
  3192.5000       4.10302277E-02
  3192.6000       4.10347647E-02
  3192.7000       4.10380224E-02
  3192.8000       4.10409089E-02
  3192.9000       4.10440182E-02
  3193.0000       4.10473597E-02
  3193.1000       4.10509658E-02
  3193.2000       4.10548584E-02
  3193.3000       4.10588515E-02
  3193.4000       4.10620974E-02
  3193.5000       4.10641480E-02
  3193.6000       4.10654050E-02
  3193.7000       4.10668773E-02
  3193.8000       4.10678607E-02
  3193.9000       4.10684339E-02
  3194.0000       4.10686311E-02
  3194.1000       4.10693190E-02
  3194.2000       4.10696558E-02
  3194.3000       4.10698211E-02
  3194.4000       4.10707783E-02
  3194.5000       4.10727995E-02
  3194.6000       4.10757496E-02
  3194.7000       4.10797528E-02
  3194.8000       4.10845825E-02
  3194.9000       4.10895154E-02
  3195.0000       4.10930694E-02
  3195.1000       4.10953568E-02
  3195.2000       4.10963506E-02
  3195.3000       4.10973553E-02
  3195.4000       4.10990145E-02
  3195.5000       4.11019534E-02
  3195.6000       4.11066199E-02
  3195.7000       4.11128076E-02
  3195.8000       4.11198249E-02
  3195.9000       4.11275051E-02
  3196.0000       4.11363381E-02
  3196.1000       4.11451791E-02
  3196.2000       4.11536054E-02
  3196.3000       4.11609736E-02
  3196.4000       4.11670947E-02
  3196.5000       4.11715087E-02
  3196.6000       4.11745915E-02
  3196.7000       4.11760278E-02
  3196.8000       4.11755934E-02
  3196.9000       4.11733744E-02
  3197.0000       4.11694515E-02
  3197.1000       4.11634252E-02
  3197.2000       4.11555212E-02
  3197.3000       4.11464793E-02
  3197.4000       4.11373516E-02
  3197.5000       4.11283538E-02
  3197.6000       4.11196946E-02
  3197.7000       4.11111326E-02
  3197.8000       4.11018999E-02
  3197.9000       4.10931833E-02
  3198.0000       4.10850997E-02
  3198.1000       4.10777006E-02
  3198.2000       4.10705225E-02
  3198.3000       4.10640768E-02
  3198.4000       4.10591217E-02
  3198.5000       4.10564501E-02
  3198.6000       4.10569364E-02
  3198.7000       4.10610181E-02
  3198.8000       4.10682446E-02
  3198.9000       4.10784099E-02
  3199.0000       4.10913497E-02
  3199.1000       4.11062151E-02
  3199.2000       4.11231204E-02
  3199.3000       4.11414637E-02
  3199.4000       4.11607393E-02
  3199.5000       4.11800948E-02
  3199.6000       4.11985934E-02
  3199.7000       4.12159636E-02
  3199.8000       4.12316335E-02
  3199.9000       4.12454238E-02
  3200.0000       4.12583983E-02
  3200.1000       4.12707834E-02
  3200.2000       4.12824783E-02
  3200.3000       4.12930490E-02
  3200.4000       4.13023854E-02
  3200.5000       4.13108424E-02
  3200.6000       4.13185094E-02
  3200.7000       4.13253232E-02
  3200.8000       4.13313310E-02
  3200.9000       4.13373023E-02
  3201.0000       4.13429676E-02
  3201.1000       4.13484465E-02
  3201.2000       4.13544323E-02
  3201.3000       4.13613423E-02
  3201.4000       4.13683187E-02
  3201.5000       4.13738851E-02
  3201.6000       4.13776832E-02
  3201.7000       4.13803650E-02
  3201.8000       4.13820985E-02
  3201.9000       4.13827796E-02
  3202.0000       4.13838726E-02
  3202.1000       4.13860803E-02
  3202.2000       4.13884466E-02
  3202.3000       4.13903345E-02
  3202.4000       4.13912980E-02
  3202.5000       4.13910232E-02
  3202.6000       4.13891209E-02
  3202.7000       4.13853168E-02
  3202.8000       4.13789268E-02
  3202.9000       4.13706828E-02
  3203.0000       4.13609324E-02
  3203.1000       4.13499120E-02
  3203.2000       4.13375815E-02
  3203.3000       4.13243791E-02
  3203.4000       4.13112701E-02
  3203.5000       4.12973396E-02
  3203.6000       4.12821001E-02
  3203.7000       4.12643463E-02
  3203.8000       4.12439073E-02
  3203.9000       4.12213789E-02
  3204.0000       4.11971863E-02
  3204.1000       4.11717255E-02
  3204.2000       4.11455276E-02
  3204.3000       4.11183411E-02
  3204.4000       4.10902803E-02
  3204.5000       4.10622558E-02
  3204.6000       4.10352205E-02
  3204.7000       4.10096069E-02
  3204.8000       4.09851005E-02
  3204.9000       4.09628676E-02
  3205.0000       4.09422241E-02
  3205.1000       4.09235838E-02
  3205.2000       4.09068849E-02
  3205.3000       4.08912821E-02
  3205.4000       4.08769733E-02
  3205.5000       4.08644219E-02
  3205.6000       4.08539699E-02
  3205.7000       4.08462388E-02
  3205.8000       4.08411653E-02
  3205.9000       4.08382694E-02
  3206.0000       4.08366370E-02
  3206.1000       4.08360726E-02
  3206.2000       4.08357064E-02
  3206.3000       4.08351370E-02
  3206.4000       4.08338752E-02
  3206.5000       4.08310060E-02
  3206.6000       4.08265405E-02
  3206.7000       4.08214088E-02
  3206.8000       4.08157516E-02
  3206.9000       4.08097573E-02
  3207.0000       4.08035768E-02
  3207.1000       4.07978217E-02
  3207.2000       4.07920892E-02
  3207.3000       4.07861579E-02
  3207.4000       4.07804867E-02
  3207.5000       4.07743160E-02
  3207.6000       4.07673243E-02
  3207.7000       4.07583354E-02
  3207.8000       4.07470086E-02
  3207.9000       4.07334187E-02
  3208.0000       4.07180032E-02
  3208.1000       4.07011097E-02
  3208.2000       4.06826119E-02
  3208.3000       4.06633078E-02
  3208.4000       4.06438743E-02
  3208.5000       4.06249752E-02
  3208.6000       4.06076022E-02
  3208.7000       4.05917500E-02
  3208.8000       4.05781884E-02
  3208.9000       4.05669945E-02
  3209.0000       4.05575982E-02
  3209.1000       4.05501252E-02
  3209.2000       4.05440516E-02
  3209.3000       4.05389069E-02
  3209.4000       4.05340640E-02
  3209.5000       4.05290662E-02
  3209.6000       4.05237307E-02
  3209.7000       4.05184060E-02
  3209.8000       4.05130190E-02
  3209.9000       4.05085598E-02
  3210.0000       4.05050170E-02
  3210.1000       4.05021269E-02
  3210.2000       4.05011287E-02
  3210.3000       4.05012391E-02
  3210.4000       4.05023310E-02
  3210.5000       4.05049136E-02
  3210.6000       4.05085354E-02
  3210.7000       4.05134038E-02
  3210.8000       4.05202075E-02
  3210.9000       4.05282826E-02
  3211.0000       4.05379347E-02
  3211.1000       4.05490353E-02
  3211.2000       4.05609679E-02
  3211.3000       4.05740287E-02
  3211.4000       4.05887826E-02
  3211.5000       4.06046390E-02
  3211.6000       4.06219426E-02
  3211.7000       4.06412475E-02
  3211.8000       4.06621428E-02
  3211.9000       4.06844561E-02
  3212.0000       4.07076680E-02
  3212.1000       4.07310118E-02
  3212.2000       4.07545634E-02
  3212.3000       4.07786314E-02
  3212.4000       4.08029840E-02
  3212.5000       4.08273376E-02
  3212.6000       4.08516589E-02
  3212.7000       4.08761046E-02
  3212.8000       4.08993117E-02
  3212.9000       4.09209599E-02
  3213.0000       4.09408881E-02
  3213.1000       4.09580295E-02
  3213.2000       4.09721135E-02
  3213.3000       4.09839609E-02
  3213.4000       4.09955282E-02
  3213.5000       4.10068620E-02
  3213.6000       4.10178443E-02
  3213.7000       4.10279491E-02
  3213.8000       4.10369892E-02
  3213.9000       4.10450730E-02
  3214.0000       4.10534031E-02
  3214.1000       4.10608235E-02
  3214.2000       4.10669797E-02
  3214.3000       4.10722835E-02
  3214.4000       4.10765841E-02
  3214.5000       4.10795090E-02
  3214.6000       4.10815864E-02
  3214.7000       4.10829396E-02
  3214.8000       4.10827678E-02
  3214.9000       4.10810071E-02
  3215.0000       4.10780454E-02
  3215.1000       4.10740140E-02
  3215.2000       4.10691190E-02
  3215.3000       4.10634618E-02
  3215.4000       4.10572475E-02
  3215.5000       4.10513869E-02
  3215.6000       4.10465990E-02
  3215.7000       4.10427034E-02
  3215.8000       4.10394964E-02
  3215.9000       4.10365730E-02
  3216.0000       4.10332380E-02
  3216.1000       4.10293883E-02
  3216.2000       4.10253597E-02
  3216.3000       4.10210659E-02
  3216.4000       4.10164076E-02
  3216.5000       4.10117079E-02
  3216.6000       4.10061485E-02
  3216.7000       4.10003520E-02
  3216.8000       4.09934430E-02
  3216.9000       4.09848235E-02
  3217.0000       4.09738831E-02
  3217.1000       4.09611147E-02
  3217.2000       4.09470651E-02
  3217.3000       4.09324373E-02
  3217.4000       4.09186479E-02
  3217.5000       4.09066704E-02
  3217.6000       4.08971629E-02
  3217.7000       4.08901788E-02
  3217.8000       4.08860828E-02
  3217.9000       4.08851236E-02
  3218.0000       4.08872715E-02
  3218.1000       4.08918832E-02
  3218.2000       4.08986926E-02
  3218.3000       4.09075661E-02
  3218.4000       4.09174882E-02
  3218.5000       4.09271420E-02
  3218.6000       4.09345038E-02
  3218.7000       4.09390458E-02
  3218.8000       4.09414763E-02
  3218.9000       4.09409903E-02
  3219.0000       4.09390097E-02
  3219.1000       4.09362400E-02
  3219.2000       4.09328354E-02
  3219.3000       4.09291216E-02
  3219.4000       4.09253835E-02
  3219.5000       4.09212696E-02
  3219.6000       4.09167513E-02
  3219.7000       4.09124186E-02
  3219.8000       4.09079809E-02
  3219.9000       4.09040917E-02
  3220.0000       4.09003049E-02
  3220.1000       4.08969764E-02
  3220.2000       4.08949451E-02
  3220.3000       4.08940677E-02
  3220.4000       4.08937971E-02
  3220.5000       4.08931289E-02
  3220.6000       4.08916037E-02
  3220.7000       4.08893733E-02
  3220.8000       4.08877590E-02
  3220.9000       4.08868090E-02
  3221.0000       4.08871499E-02
  3221.1000       4.08892582E-02
  3221.2000       4.08938407E-02
  3221.3000       4.09000077E-02
  3221.4000       4.09077468E-02
  3221.5000       4.09165900E-02
  3221.6000       4.09265300E-02
  3221.7000       4.09377275E-02
  3221.8000       4.09491335E-02
  3221.9000       4.09609813E-02
  3222.0000       4.09725499E-02
  3222.1000       4.09835764E-02
  3222.2000       4.09947005E-02
  3222.3000       4.10059640E-02
  3222.4000       4.10175015E-02
  3222.5000       4.10288387E-02
  3222.6000       4.10399271E-02
  3222.7000       4.10502509E-02
  3222.8000       4.10599784E-02
  3222.9000       4.10696818E-02
  3223.0000       4.10801016E-02
  3223.1000       4.10918372E-02
  3223.2000       4.11043489E-02
  3223.3000       4.11164842E-02
  3223.4000       4.11275527E-02
  3223.5000       4.11371005E-02
  3223.6000       4.11445805E-02
  3223.7000       4.11502736E-02
  3223.8000       4.11539124E-02
  3223.9000       4.11560984E-02
  3224.0000       4.11574181E-02
  3224.1000       4.11596312E-02
  3224.2000       4.11632028E-02
  3224.3000       4.11680694E-02
  3224.4000       4.11736344E-02
  3224.5000       4.11800617E-02
  3224.6000       4.11872718E-02
  3224.7000       4.11945783E-02
  3224.8000       4.12016964E-02
  3224.9000       4.12090571E-02
  3225.0000       4.12160692E-02
  3225.1000       4.12228358E-02
  3225.2000       4.12290749E-02
  3225.3000       4.12347506E-02
  3225.4000       4.12399573E-02
  3225.5000       4.12442047E-02
  3225.6000       4.12467648E-02
  3225.7000       4.12479538E-02
  3225.8000       4.12484918E-02
  3225.9000       4.12477487E-02
  3226.0000       4.12461827E-02
  3226.1000       4.12442757E-02
  3226.2000       4.12418454E-02
  3226.3000       4.12383385E-02
  3226.4000       4.12335709E-02
  3226.5000       4.12275491E-02
  3226.6000       4.12206561E-02
  3226.7000       4.12136415E-02
  3226.8000       4.12071476E-02
  3226.9000       4.12015342E-02
  3227.0000       4.11968109E-02
  3227.1000       4.11925707E-02
  3227.2000       4.11879455E-02
  3227.3000       4.11825454E-02
  3227.4000       4.11760647E-02
  3227.5000       4.11687661E-02
  3227.6000       4.11613062E-02
  3227.7000       4.11545035E-02
  3227.8000       4.11482535E-02
  3227.9000       4.11434692E-02
  3228.0000       4.11398322E-02
  3228.1000       4.11376731E-02
  3228.2000       4.11361161E-02
  3228.3000       4.11344186E-02
  3228.4000       4.11314043E-02
  3228.5000       4.11275400E-02
  3228.6000       4.11230236E-02
  3228.7000       4.11173394E-02
  3228.8000       4.11107860E-02
  3228.9000       4.11029724E-02
  3229.0000       4.10938384E-02
  3229.1000       4.10832230E-02
  3229.2000       4.10708507E-02
  3229.3000       4.10563864E-02
  3229.4000       4.10405381E-02
  3229.5000       4.10238661E-02
  3229.6000       4.10068615E-02
  3229.7000       4.09900525E-02
  3229.8000       4.09741404E-02
  3229.9000       4.09594726E-02
  3230.0000       4.09454421E-02
  3230.1000       4.09315671E-02
  3230.2000       4.09183882E-02
  3230.3000       4.09052218E-02
  3230.4000       4.08916936E-02
  3230.5000       4.08772009E-02
  3230.6000       4.08626087E-02
  3230.7000       4.08480428E-02
  3230.8000       4.08341655E-02
  3230.9000       4.08218442E-02
  3231.0000       4.08114517E-02
  3231.1000       4.08026981E-02
  3231.2000       4.07952620E-02
  3231.3000       4.07892448E-02
  3231.4000       4.07844855E-02
  3231.5000       4.07807937E-02
  3231.6000       4.07785463E-02
  3231.7000       4.07777056E-02
  3231.8000       4.07779801E-02
  3231.9000       4.07786627E-02
  3232.0000       4.07798444E-02
  3232.1000       4.07805851E-02
  3232.2000       4.07803097E-02
  3232.3000       4.07785383E-02
  3232.4000       4.07754026E-02
  3232.5000       4.07709909E-02
  3232.6000       4.07667941E-02
  3232.7000       4.07641733E-02
  3232.8000       4.07638679E-02
  3232.9000       4.07668237E-02
  3233.0000       4.07735728E-02
  3233.1000       4.07832350E-02
  3233.2000       4.07947523E-02
  3233.3000       4.08074678E-02
  3233.4000       4.08209328E-02
  3233.5000       4.08350301E-02
  3233.6000       4.08488333E-02
  3233.7000       4.08619880E-02
  3233.8000       4.08749450E-02
  3233.9000       4.08868386E-02
  3234.0000       4.08965000E-02
  3234.1000       4.09034644E-02
  3234.2000       4.09068942E-02
  3234.3000       4.09068422E-02
  3234.4000       4.09035298E-02
  3234.5000       4.08970286E-02
  3234.6000       4.08877237E-02
  3234.7000       4.08758174E-02
  3234.8000       4.08625999E-02
  3234.9000       4.08474727E-02
  3235.0000       4.08313514E-02
  3235.1000       4.08145727E-02
  3235.2000       4.07973369E-02
  3235.3000       4.07799154E-02
  3235.4000       4.07623367E-02
  3235.5000       4.07445522E-02
  3235.6000       4.07267242E-02
  3235.7000       4.07083595E-02
  3235.8000       4.06891950E-02
  3235.9000       4.06692189E-02
  3236.0000       4.06492402E-02
  3236.1000       4.06290716E-02
  3236.2000       4.06086967E-02
  3236.3000       4.05879596E-02
  3236.4000       4.05670237E-02
  3236.5000       4.05452528E-02
  3236.6000       4.05226911E-02
  3236.7000       4.05006115E-02
  3236.8000       4.04797400E-02
  3236.9000       4.04605839E-02
  3237.0000       4.04432240E-02
  3237.1000       4.04273721E-02
  3237.2000       4.04120429E-02
  3237.3000       4.03969411E-02
  3237.4000       4.03816396E-02
  3237.5000       4.03667753E-02
  3237.6000       4.03525838E-02
  3237.7000       4.03393072E-02
  3237.8000       4.03275959E-02
  3237.9000       4.03180667E-02
  3238.0000       4.03107106E-02
  3238.1000       4.03040906E-02
  3238.2000       4.02977978E-02
  3238.3000       4.02926452E-02
  3238.4000       4.02896789E-02
  3238.5000       4.02887441E-02
  3238.6000       4.02898796E-02
  3238.7000       4.02920664E-02
  3238.8000       4.02942434E-02
  3238.9000       4.02970136E-02
  3239.0000       4.02997713E-02
  3239.1000       4.03030135E-02
  3239.2000       4.03061149E-02
  3239.3000       4.03098796E-02
  3239.4000       4.03142614E-02
  3239.5000       4.03183463E-02
  3239.6000       4.03215907E-02
  3239.7000       4.03241027E-02
  3239.8000       4.03255053E-02
  3239.9000       4.03247088E-02
  3240.0000       4.03217294E-02
  3240.1000       4.03166242E-02
  3240.2000       4.03099675E-02
  3240.3000       4.03030496E-02
  3240.4000       4.02963477E-02
  3240.5000       4.02899470E-02
  3240.6000       4.02856047E-02
  3240.7000       4.02843515E-02
  3240.8000       4.02853270E-02
  3240.9000       4.02875700E-02
  3241.0000       4.02895924E-02
  3241.1000       4.02914096E-02
  3241.2000       4.02923938E-02
  3241.3000       4.02925111E-02
  3241.4000       4.02908352E-02
  3241.5000       4.02886071E-02
  3241.6000       4.02858744E-02
  3241.7000       4.02838294E-02
  3241.8000       4.02832022E-02
  3241.9000       4.02847850E-02
  3242.0000       4.02881185E-02
  3242.1000       4.02924077E-02
  3242.2000       4.02971359E-02
  3242.3000       4.03019937E-02
  3242.4000       4.03062928E-02
  3242.5000       4.03100430E-02
  3242.6000       4.03129169E-02
  3242.7000       4.03159456E-02
  3242.8000       4.03200757E-02
  3242.9000       4.03261565E-02
  3243.0000       4.03346593E-02
  3243.1000       4.03452815E-02
  3243.2000       4.03578242E-02
  3243.3000       4.03723379E-02
  3243.4000       4.03880365E-02
  3243.5000       4.04051242E-02
  3243.6000       4.04236898E-02
  3243.7000       4.04431016E-02
  3243.8000       4.04645489E-02
  3243.9000       4.04874799E-02
  3244.0000       4.05107055E-02
  3244.1000       4.05339931E-02
  3244.2000       4.05564035E-02
  3244.3000       4.05787740E-02
  3244.4000       4.06014154E-02
  3244.5000       4.06240983E-02
  3244.6000       4.06480541E-02
  3244.7000       4.06740850E-02
  3244.8000       4.07020963E-02
  3244.9000       4.07311684E-02
  3245.0000       4.07612418E-02
  3245.1000       4.07907856E-02
  3245.2000       4.08196638E-02
  3245.3000       4.08489419E-02
  3245.4000       4.08783555E-02
  3245.5000       4.09069162E-02
  3245.6000       4.09354101E-02
  3245.7000       4.09638580E-02
  3245.8000       4.09911422E-02
  3245.9000       4.10171374E-02
  3246.0000       4.10421263E-02
  3246.1000       4.10672547E-02
  3246.2000       4.10930010E-02
  3246.3000       4.11194991E-02
  3246.4000       4.11471392E-02
  3246.5000       4.11760713E-02
  3246.6000       4.12060305E-02
  3246.7000       4.12360711E-02
  3246.8000       4.12652475E-02
  3246.9000       4.12930899E-02
  3247.0000       4.13188397E-02
  3247.1000       4.13414659E-02
  3247.2000       4.13598437E-02
  3247.3000       4.13738969E-02
  3247.4000       4.13842778E-02
  3247.5000       4.13926931E-02
  3247.6000       4.13996788E-02
  3247.7000       4.14058408E-02
  3247.8000       4.14111219E-02
  3247.9000       4.14156191E-02
  3248.0000       4.14187415E-02
  3248.1000       4.14204582E-02
  3248.2000       4.14188956E-02
  3248.3000       4.14123251E-02
  3248.4000       4.14009891E-02
  3248.5000       4.13854931E-02
  3248.6000       4.13652992E-02
  3248.7000       4.13404885E-02
  3248.8000       4.13113489E-02
  3248.9000       4.12793072E-02
  3249.0000       4.12459104E-02
  3249.1000       4.12117431E-02
  3249.2000       4.11772368E-02
  3249.3000       4.11425361E-02
  3249.4000       4.11074580E-02
  3249.5000       4.10718748E-02
  3249.6000       4.10348272E-02
  3249.7000       4.09967677E-02
  3249.8000       4.09581933E-02
  3249.9000       4.09192180E-02
  3250.0000       4.08799668E-02
  3250.1000       4.08413136E-02
  3250.2000       4.08031307E-02
  3250.3000       4.07666885E-02
  3250.4000       4.07326899E-02
  3250.5000       4.07006310E-02
  3250.6000       4.06692333E-02
  3250.7000       4.06382946E-02
  3250.8000       4.06077094E-02
  3250.9000       4.05776113E-02
  3251.0000       4.05482287E-02
  3251.1000       4.05190284E-02
  3251.2000       4.04901895E-02
  3251.3000       4.04620628E-02
  3251.4000       4.04345763E-02
  3251.5000       4.04071500E-02
  3251.6000       4.03801216E-02
  3251.7000       4.03539758E-02
  3251.8000       4.03292360E-02
  3251.9000       4.03069696E-02
  3252.0000       4.02871023E-02
  3252.1000       4.02690259E-02
  3252.2000       4.02518102E-02
  3252.3000       4.02360448E-02
  3252.4000       4.02208932E-02
  3252.5000       4.02056086E-02
  3252.6000       4.01902394E-02
  3252.7000       4.01753565E-02
  3252.8000       4.01613174E-02
  3252.9000       4.01475487E-02
  3253.0000       4.01339272E-02
  3253.1000       4.01206314E-02
  3253.2000       4.01079337E-02
  3253.3000       4.00965159E-02
  3253.4000       4.00869762E-02
  3253.5000       4.00793326E-02
  3253.6000       4.00737242E-02
  3253.7000       4.00707842E-02
  3253.8000       4.00712907E-02
  3253.9000       4.00754054E-02
  3254.0000       4.00833102E-02
  3254.1000       4.00944178E-02
  3254.2000       4.01062370E-02
  3254.3000       4.01180349E-02
  3254.4000       4.01301774E-02
  3254.5000       4.01421739E-02
  3254.6000       4.01538077E-02
  3254.7000       4.01648947E-02
  3254.8000       4.01759840E-02
  3254.9000       4.01875085E-02
  3255.0000       4.01987529E-02
  3255.1000       4.02092549E-02
  3255.2000       4.02189600E-02
  3255.3000       4.02275641E-02
  3255.4000       4.02354315E-02
  3255.5000       4.02430544E-02
  3255.6000       4.02505516E-02
  3255.7000       4.02583427E-02
  3255.8000       4.02665531E-02
  3255.9000       4.02755226E-02
  3256.0000       4.02856077E-02
  3256.1000       4.02963898E-02
  3256.2000       4.03081823E-02
  3256.3000       4.03205739E-02
  3256.4000       4.03333805E-02
  3256.5000       4.03465529E-02
  3256.6000       4.03592659E-02
  3256.7000       4.03717948E-02
  3256.8000       4.03834082E-02
  3256.9000       4.03928245E-02
  3257.0000       4.04000857E-02
  3257.1000       4.04056012E-02
  3257.2000       4.04105921E-02
  3257.3000       4.04157806E-02
  3257.4000       4.04213923E-02
  3257.5000       4.04274586E-02
  3257.6000       4.04343170E-02
  3257.7000       4.04415941E-02
  3257.8000       4.04492240E-02
  3257.9000       4.04574003E-02
  3258.0000       4.04663290E-02
  3258.1000       4.04757709E-02
  3258.2000       4.04854030E-02
  3258.3000       4.04952902E-02
  3258.4000       4.05052084E-02
  3258.5000       4.05152151E-02
  3258.6000       4.05245702E-02
  3258.7000       4.05334203E-02
  3258.8000       4.05421495E-02
  3258.9000       4.05505456E-02
  3259.0000       4.05579911E-02
  3259.1000       4.05641190E-02
  3259.2000       4.05688951E-02
  3259.3000       4.05725619E-02
  3259.4000       4.05763255E-02
  3259.5000       4.05806517E-02
  3259.6000       4.05852981E-02
  3259.7000       4.05914603E-02
  3259.8000       4.05997305E-02
  3259.9000       4.06100068E-02
  3260.0000       4.06223534E-02
  3260.1000       4.06361919E-02
  3260.2000       4.06503157E-02
  3260.3000       4.06642511E-02
  3260.4000       4.06781370E-02
  3260.5000       4.06916369E-02
  3260.6000       4.07041818E-02
  3260.7000       4.07172396E-02
  3260.8000       4.07304644E-02
  3260.9000       4.07446032E-02
  3261.0000       4.07587362E-02
  3261.1000       4.07721261E-02
  3261.2000       4.07845802E-02
  3261.3000       4.07955893E-02
  3261.4000       4.08044055E-02
  3261.5000       4.08101665E-02
  3261.6000       4.08137227E-02
  3261.7000       4.08154361E-02
  3261.8000       4.08156936E-02
